- from: billybuck
  text: |
    You have very nice hair
  send_date: '2021-07-26'
- from: someguy
  text: |
    You are so smart
- from: someotherguy
  text: |
    My favorite